{
  "messageIncomplete": false,
  "messageMatchedExpectedCommand": true,
  "messages": [
    {
      "messageType": "SettingUpdateMessage",
      "printerHardware": {
        "dpi": 200,
        "firmware": "V61.17.17Z",
        "maxMediaDarkness": 30,
        "maxMediaLengthDots": 7967,
        "maxMediaWidthDots": 448,
        "model": "LP 2824 Plus",
        "speedTable": SpeedTable {
          "speedTable": Map {
            0 => 0,
            1 => 2,
            1000 => 4,
            4 => 2,
            6 => 3,
            8 => 4,
          },
        },
      },
      "printerMedia": {
        "darknessPercent": 50,
        "mediaGapDetectMode": 0,
        "mediaLengthDots": 900,
        "mediaPrintMode": 4,
        "mediaPrintOriginOffsetDots": {
          "left": 0,
          "top": 0,
        },
        "mediaWidthDots": 400,
        "printOrientation": 0,
        "speed": PrintSpeedSettings {
          "printSpeed": 4,
          "slewSpeed": 4,
        },
        "thermalPrintMode": 0,
      },
      "printerSettings": {
        "backfeedAfterTaken": "90",
      },
    },
  ],
  "remainder": "",
}