{
  "messageIncomplete": false,
  "messageMatchedExpectedCommand": true,
  "messages": [
    {
      "messageType": "SettingUpdateMessage",
      "printerHardware": {
        "dpi": 200,
        "firmware": "V45.11.6A ",
        "maxMediaDarkness": 30,
        "maxMediaLengthDots": 7917,
        "maxMediaWidthDots": 832,
        "model": "R2844-Z",
        "speedTable": SpeedTable {
          "speedTable": Map {
            0 => 0,
            1 => 2,
            1000 => 4,
            4 => 2,
            6 => 3,
            8 => 4,
          },
        },
      },
      "printerMedia": {
        "darknessPercent": 34,
        "mediaGapDetectMode": 0,
        "mediaLengthDots": 1250,
        "mediaPrintMode": 0,
        "mediaPrintOriginOffsetDots": {
          "left": 0,
          "top": 0,
        },
        "mediaWidthDots": 850,
        "printOrientation": 0,
        "speed": PrintSpeedSettings {
          "printSpeed": 4,
          "slewSpeed": 4,
        },
        "thermalPrintMode": 0,
      },
      "printerSettings": {
        "backfeedAfterTaken": "90",
      },
      "printerZplSettings": {
        "actionHeadClose": "calibrateWebSensor",
        "actionPowerUp": "calibrateWebSensor",
        "markGain": 84,
        "markMediaThreshold": 0,
        "markThreshold": 50,
        "mediaThreshold": 87,
        "ribbonGain": 50,
        "ribbonThreshold": 75,
        "transBrightness": undefined,
        "transGain": 59,
        "webThreshold": 72,
      },
    },
  ],
  "remainder": "",
}