{
  "messageIncomplete": false,
  "messageMatchedExpectedCommand": true,
  "messages": [
    {
      "messageType": "SettingUpdateMessage",
      "printerHardware": {},
      "printerMedia": {
        "mediaGapDetectMode": 0,
      },
      "printerSettings": {},
    },
  ],
  "remainder": "",
}